Release 13.4 - xst O.87xd (nt)
Copyright (c) 1995-2011 Xilinx, Inc.  All rights reserved.
--> Parameter TMPDIR set to xst/projnav.tmp


Total REAL time to Xst completion: 0.00 secs
Total CPU time to Xst completion: 0.22 secs
 
--> Parameter xsthdpdir set to xst


Total REAL time to Xst completion: 0.00 secs
Total CPU time to Xst completion: 0.22 secs
 
--> Reading design: ab.prj

TABLE OF CONTENTS
  1) Synthesis Options Summary
  2) HDL Parsing
  3) HDL Elaboration
  4) HDL Synthesis
       4.1) HDL Synthesis Report
  5) Advanced HDL Synthesis
       5.1) Advanced HDL Synthesis Report
  6) Low Level Synthesis
  7) Partition Report
  8) Design Summary
       8.1) Primitive and Black Box Usage
       8.2) Device utilization summary
       8.3) Partition Resource Summary
       8.4) Timing Report
            8.4.1) Clock Information
            8.4.2) Asynchronous Control Signals Information
            8.4.3) Timing Summary
            8.4.4) Timing Details
            8.4.5) Cross Clock Domains Report


=========================================================================
*                      Synthesis Options Summary                        *
=========================================================================
---- Source Parameters
Input File Name                    : "ab.prj"
Ignore Synthesis Constraint File   : NO

---- Target Parameters
Output File Name                   : "ab"
Output Format                      : NGC
Target Device                      : xc6slx45-3-csg324

---- Source Options
Top Module Name                    : ab
Automatic FSM Extraction           : YES
FSM Encoding Algorithm             : Auto
Safe Implementation                : No
FSM Style                          : LUT
RAM Extraction                     : Yes
RAM Style                          : Auto
ROM Extraction                     : Yes
Shift Register Extraction          : YES
ROM Style                          : Auto
Resource Sharing                   : YES
Asynchronous To Synchronous        : NO
Shift Register Minimum Size        : 2
Use DSP Block                      : Auto
Automatic Register Balancing       : No

---- Target Options
LUT Combining                      : Auto
Reduce Control Sets                : Auto
Add IO Buffers                     : YES
Global Maximum Fanout              : 100000
Add Generic Clock Buffer(BUFG)     : 16
Register Duplication               : YES
Optimize Instantiated Primitives   : NO
Use Clock Enable                   : Auto
Use Synchronous Set                : Auto
Use Synchronous Reset              : Auto
Pack IO Registers into IOBs        : Auto
Equivalent register Removal        : YES

---- General Options
Optimization Goal                  : Speed
Optimization Effort                : 1
Power Reduction                    : NO
Keep Hierarchy                     : No
Netlist Hierarchy                  : As_Optimized
RTL Output                         : Yes
Global Optimization                : AllClockNets
Read Cores                         : YES
Write Timing Constraints           : NO
Cross Clock Analysis               : NO
Hierarchy Separator                : /
Bus Delimiter                      : <>
Case Specifier                     : Maintain
Slice Utilization Ratio            : 100
BRAM Utilization Ratio             : 100
DSP48 Utilization Ratio            : 100
Auto BRAM Packing                  : NO
Slice Utilization Ratio Delta      : 5

=========================================================================

INFO:Xst - Part-select index evaluated to out of bound value may lead to incorrect synthesis results; it is recommended not to use them in RTL

=========================================================================
*                          HDL Parsing                                  *
=========================================================================
Parsing VHDL file "C:\Documents and Settings\zx\myrom.vhd" into library work
Parsing entity <myrom>.
Parsing architecture <Behavioral> of entity <myrom>.
Parsing VHDL file "C:\Documents and Settings\zx\clock_divider.vhd" into library work
Parsing entity <clock_divider>.
Parsing architecture <Behavioral> of entity <clock_divider>.
Parsing VHDL file "C:\Documents and Settings\zx\ab.vhf" into library work
Parsing entity <CB4CE_HXILINX_ab>.
Parsing architecture <Behavioral> of entity <cb4ce_hxilinx_ab>.
Parsing entity <ab>.
Parsing architecture <BEHAVIORAL> of entity <ab>.

=========================================================================
*                            HDL Elaboration                            *
=========================================================================

Elaborating entity <ab> (architecture <BEHAVIORAL>) from library <work>.

Elaborating entity <myrom> (architecture <Behavioral>) from library <work>.
INFO:HDLCompiler:679 - "C:\Documents and Settings\zx\myrom.vhd" Line 44. Case statement is complete. others clause is never selected

Elaborating entity <CB4CE_HXILINX_ab> (architecture <Behavioral>) from library <work>.

Elaborating entity <clock_divider> (architecture <Behavioral>) from library <work>.

=========================================================================
*                           HDL Synthesis                               *
=========================================================================

Synthesizing Unit <ab>.
    Related source file is "c:/documents and settings/zx/ab.vhf".
    Set property "HU_SET = XLXI_2_0" for instance <XLXI_2>.
INFO:Xst:3210 - "c:/documents and settings/zx/ab.vhf" line 157: Output port <CEO> of the instance <XLXI_2> is unconnected or connected to loadless signal.
INFO:Xst:3210 - "c:/documents and settings/zx/ab.vhf" line 157: Output port <Q3> of the instance <XLXI_2> is unconnected or connected to loadless signal.
INFO:Xst:3210 - "c:/documents and settings/zx/ab.vhf" line 157: Output port <TC> of the instance <XLXI_2> is unconnected or connected to loadless signal.
INFO:Xst:3210 - "c:/documents and settings/zx/ab.vhf" line 168: Output port <clk_5Hz> of the instance <XLXI_3> is unconnected or connected to loadless signal.
INFO:Xst:3210 - "c:/documents and settings/zx/ab.vhf" line 168: Output port <clk_10Hz> of the instance <XLXI_3> is unconnected or connected to loadless signal.
INFO:Xst:3210 - "c:/documents and settings/zx/ab.vhf" line 168: Output port <clk_1KHz> of the instance <XLXI_3> is unconnected or connected to loadless signal.
INFO:Xst:3210 - "c:/documents and settings/zx/ab.vhf" line 168: Output port <clk_1MHz> of the instance <XLXI_3> is unconnected or connected to loadless signal.
    Summary:
	no macro.
Unit <ab> synthesized.

Synthesizing Unit <myrom>.
    Related source file is "c:/documents and settings/zx/myrom.vhd".
    Found 8x10-bit Read Only RAM for signal <rdata>
    Summary:
	inferred   1 RAM(s).
Unit <myrom> synthesized.

Synthesizing Unit <CB4CE_HXILINX_ab>.
    Related source file is "c:/documents and settings/zx/ab.vhf".
    Found 4-bit register for signal <COUNT>.
    Found 4-bit adder for signal <COUNT[3]_GND_9_o_add_0_OUT> created at line 57.
    Summary:
	inferred   1 Adder/Subtractor(s).
	inferred   4 D-type flip-flop(s).
	inferred   1 Multiplexer(s).
Unit <CB4CE_HXILINX_ab> synthesized.

Synthesizing Unit <clock_divider>.
    Related source file is "c:/documents and settings/zx/clock_divider.vhd".
    Found 26-bit register for signal <cnt>.
    Found 26-bit adder for signal <cnt[25]_GND_10_o_add_0_OUT> created at line 55.
    Summary:
	inferred   1 Adder/Subtractor(s).
	inferred  26 D-type flip-flop(s).
Unit <clock_divider> synthesized.

=========================================================================
HDL Synthesis Report

Macro Statistics
# RAMs                                                 : 1
 8x10-bit single-port Read Only RAM                    : 1
# Adders/Subtractors                                   : 2
 26-bit adder                                          : 1
 4-bit adder                                           : 1
# Registers                                            : 2
 26-bit register                                       : 1
 4-bit register                                        : 1
# Multiplexers                                         : 1
 1-bit 2-to-1 multiplexer                              : 1

=========================================================================

=========================================================================
*                       Advanced HDL Synthesis                          *
=========================================================================


Synthesizing (advanced) Unit <CB4CE_HXILINX_ab>.
The following registers are absorbed into counter <COUNT>: 1 register on signal <COUNT>.
Unit <CB4CE_HXILINX_ab> synthesized (advanced).

Synthesizing (advanced) Unit <clock_divider>.
The following registers are absorbed into counter <cnt>: 1 register on signal <cnt>.
Unit <clock_divider> synthesized (advanced).

Synthesizing (advanced) Unit <myrom>.
INFO:Xst:3218 - HDL ADVISOR - The RAM <Mram_rdata> will be implemented on LUTs either because you have described an asynchronous read or because of currently unsupported block RAM features. If you have described an asynchronous read, making it synchronous would allow you to take advantage of available block RAM resources, for optimized device usage and improved timings. Please refer to your documentation for coding guidelines.
    -----------------------------------------------------------------------
    | ram_type           | Distributed                         |          |
    -----------------------------------------------------------------------
    | Port A                                                              |
    |     aspect ratio   | 8-word x 10-bit                     |          |
    |     weA            | connected to signal <GND>           | high     |
    |     addrA          | connected to signal <(s2,s1,s0)>    |          |
    |     diA            | connected to signal <GND>           |          |
    |     doA            | connected to signal <rdata>         |          |
    -----------------------------------------------------------------------
Unit <myrom> synthesized (advanced).

=========================================================================
Advanced HDL Synthesis Report

Macro Statistics
# RAMs                                                 : 1
 8x10-bit single-port distributed Read Only RAM        : 1
# Counters                                             : 2
 26-bit up counter                                     : 1
 4-bit up counter                                      : 1

=========================================================================

=========================================================================
*                         Low Level Synthesis                           *
=========================================================================

Optimizing unit <ab> ...

Optimizing unit <CB4CE_HXILINX_ab> ...
WARNING:Xst:2677 - Node <COUNT_3> of sequential type is unconnected in block <XLXI_2>.

Mapping all equations...
Building and optimizing final netlist ...
Found area constraint ratio of 100 (+ 5) on block ab, actual ratio is 0.

Final Macro Processing ...

=========================================================================
Final Register Report

Macro Statistics
# Registers                                            : 29
 Flip-Flops                                            : 29

=========================================================================

=========================================================================
*                           Partition Report                            *
=========================================================================

Partition Implementation Status
-------------------------------

  No Partitions were found in this design.

-------------------------------

=========================================================================
*                            Design Summary                             *
=========================================================================

Top Level Output File Name         : ab.ngc

Primitive and Black Box Usage:
------------------------------
# BELS                             : 89
#      GND                         : 1
#      INV                         : 2
#      LUT1                        : 24
#      LUT2                        : 1
#      LUT3                        : 9
#      MUXCY                       : 25
#      VCC                         : 1
#      XORCY                       : 26
# FlipFlops/Latches                : 29
#      FDCE                        : 3
#      FDR                         : 26
# Clock Buffers                    : 1
#      BUFGP                       : 1
# IO Buffers                       : 12
#      IBUF                        : 2
#      OBUF                        : 10

Device utilization summary:
---------------------------

Selected Device : 6slx45csg324-3 


Slice Logic Utilization: 
 Number of Slice Registers:              29  out of  54576     0%  
 Number of Slice LUTs:                   36  out of  27288     0%  
    Number used as Logic:                36  out of  27288     0%  

Slice Logic Distribution: 
 Number of LUT Flip Flop pairs used:     38
   Number with an unused Flip Flop:       9  out of     38    23%  
   Number with an unused LUT:             2  out of     38     5%  
   Number of fully used LUT-FF pairs:    27  out of     38    71%  
   Number of unique control sets:         2

IO Utilization: 
 Number of IOs:                          13
 Number of bonded IOBs:                  13  out of    218     5%  

Specific Feature Utilization:
 Number of BUFG/BUFGCTRLs:                1  out of     16     6%  

---------------------------
Partition Resource Summary:
---------------------------

  No Partitions were found in this design.

---------------------------


=========================================================================
Timing Report

NOTE: THESE TIMING NUMBERS ARE ONLY A SYNTHESIS ESTIMATE.
      FOR ACCURATE TIMING INFORMATION PLEASE REFER TO THE TRACE REPORT
      GENERATED AFTER PLACE-and-ROUTE.

Clock Information:
------------------
-----------------------------------+------------------------+-------+
Clock Signal                       | Clock buffer(FF name)  | Load  |
-----------------------------------+------------------------+-------+
clk                                | BUFGP                  | 26    |
XLXI_3/cnt_25                      | NONE(XLXI_2/COUNT_0)   | 3     |
-----------------------------------+------------------------+-------+
INFO:Xst:2169 - HDL ADVISOR - Some clock signals were not automatically buffered by XST with BUFG/BUFR resources. Please use the buffer_type constraint in order to insert these buffers to the clock signals to help prevent skew problems.

Asynchronous Control Signals Information:
----------------------------------------
No asynchronous control signals found in this design

Timing Summary:
---------------
Speed Grade: -3

   Minimum period: 2.216ns (Maximum Frequency: 451.233MHz)
   Minimum input arrival time before clock: 2.901ns
   Maximum output required time after clock: 4.913ns
   Maximum combinational path delay: No path found

Timing Details:
---------------
All values displayed in nanoseconds (ns)

=========================================================================
Timing constraint: Default period analysis for Clock 'clk'
  Clock period: 2.142ns (frequency: 466.886MHz)
  Total number of paths / destination ports: 351 / 26
-------------------------------------------------------------------------
Delay:               2.142ns (Levels of Logic = 27)
  Source:            XLXI_3/cnt_0 (FF)
  Destination:       XLXI_3/cnt_25 (FF)
  Source Clock:      clk rising
  Destination Clock: clk rising

  Data Path: XLXI_3/cnt_0 to XLXI_3/cnt_25
                                Gate     Net
    Cell:in->out      fanout   Delay   Delay  Logical Name (Net Name)
    ----------------------------------------  ------------
     FDR:C->Q              1   0.447   0.579  XLXI_3/cnt_0 (XLXI_3/cnt_0)
     INV:I->O              1   0.206   0.000  XLXI_3/Mcount_cnt_lut<0>_INV_0 (XLXI_3/Mcount_cnt_lut<0>)
     MUXCY:S->O            1   0.172   0.000  XLXI_3/Mcount_cnt_cy<0> (XLXI_3/Mcount_cnt_cy<0>)
     MUXCY:CI->O           1   0.019   0.000  XLXI_3/Mcount_cnt_cy<1> (XLXI_3/Mcount_cnt_cy<1>)
     MUXCY:CI->O           1   0.019   0.000  XLXI_3/Mcount_cnt_cy<2> (XLXI_3/Mcount_cnt_cy<2>)
     MUXCY:CI->O           1   0.019   0.000  XLXI_3/Mcount_cnt_cy<3> (XLXI_3/Mcount_cnt_cy<3>)
     MUXCY:CI->O           1   0.019   0.000  XLXI_3/Mcount_cnt_cy<4> (XLXI_3/Mcount_cnt_cy<4>)
     MUXCY:CI->O           1   0.019   0.000  XLXI_3/Mcount_cnt_cy<5> (XLXI_3/Mcount_cnt_cy<5>)
     MUXCY:CI->O           1   0.019   0.000  XLXI_3/Mcount_cnt_cy<6> (XLXI_3/Mcount_cnt_cy<6>)
     MUXCY:CI->O           1   0.019   0.000  XLXI_3/Mcount_cnt_cy<7> (XLXI_3/Mcount_cnt_cy<7>)
     MUXCY:CI->O           1   0.019   0.000  XLXI_3/Mcount_cnt_cy<8> (XLXI_3/Mcount_cnt_cy<8>)
     MUXCY:CI->O           1   0.019   0.000  XLXI_3/Mcount_cnt_cy<9> (XLXI_3/Mcount_cnt_cy<9>)
     MUXCY:CI->O           1   0.019   0.000  XLXI_3/Mcount_cnt_cy<10> (XLXI_3/Mcount_cnt_cy<10>)
     MUXCY:CI->O           1   0.019   0.000  XLXI_3/Mcount_cnt_cy<11> (XLXI_3/Mcount_cnt_cy<11>)
     MUXCY:CI->O           1   0.019   0.000  XLXI_3/Mcount_cnt_cy<12> (XLXI_3/Mcount_cnt_cy<12>)
     MUXCY:CI->O           1   0.019   0.000  XLXI_3/Mcount_cnt_cy<13> (XLXI_3/Mcount_cnt_cy<13>)
     MUXCY:CI->O           1   0.019   0.000  XLXI_3/Mcount_cnt_cy<14> (XLXI_3/Mcount_cnt_cy<14>)
     MUXCY:CI->O           1   0.019   0.000  XLXI_3/Mcount_cnt_cy<15> (XLXI_3/Mcount_cnt_cy<15>)
     MUXCY:CI->O           1   0.019   0.000  XLXI_3/Mcount_cnt_cy<16> (XLXI_3/Mcount_cnt_cy<16>)
     MUXCY:CI->O           1   0.019   0.000  XLXI_3/Mcount_cnt_cy<17> (XLXI_3/Mcount_cnt_cy<17>)
     MUXCY:CI->O           1   0.019   0.000  XLXI_3/Mcount_cnt_cy<18> (XLXI_3/Mcount_cnt_cy<18>)
     MUXCY:CI->O           1   0.019   0.000  XLXI_3/Mcount_cnt_cy<19> (XLXI_3/Mcount_cnt_cy<19>)
     MUXCY:CI->O           1   0.019   0.000  XLXI_3/Mcount_cnt_cy<20> (XLXI_3/Mcount_cnt_cy<20>)
     MUXCY:CI->O           1   0.019   0.000  XLXI_3/Mcount_cnt_cy<21> (XLXI_3/Mcount_cnt_cy<21>)
     MUXCY:CI->O           1   0.019   0.000  XLXI_3/Mcount_cnt_cy<22> (XLXI_3/Mcount_cnt_cy<22>)
     MUXCY:CI->O           1   0.019   0.000  XLXI_3/Mcount_cnt_cy<23> (XLXI_3/Mcount_cnt_cy<23>)
     MUXCY:CI->O           0   0.019   0.000  XLXI_3/Mcount_cnt_cy<24> (XLXI_3/Mcount_cnt_cy<24>)
     XORCY:CI->O           1   0.180   0.000  XLXI_3/Mcount_cnt_xor<25> (Result<25>)
     FDR:D                     0.102          XLXI_3/cnt_25
    ----------------------------------------
    Total                      2.142ns (1.563ns logic, 0.579ns route)
                                       (73.0% logic, 27.0% route)

=========================================================================
Timing constraint: Default period analysis for Clock 'XLXI_3/cnt_25'
  Clock period: 2.216ns (frequency: 451.233MHz)
  Total number of paths / destination ports: 6 / 3
-------------------------------------------------------------------------
Delay:               2.216ns (Levels of Logic = 1)
  Source:            XLXI_2/COUNT_0 (FF)
  Destination:       XLXI_2/COUNT_0 (FF)
  Source Clock:      XLXI_3/cnt_25 rising
  Destination Clock: XLXI_3/cnt_25 rising

  Data Path: XLXI_2/COUNT_0 to XLXI_2/COUNT_0
                                Gate     Net
    Cell:in->out      fanout   Delay   Delay  Logical Name (Net Name)
    ----------------------------------------  ------------
     FDCE:C->Q            11   0.447   0.882  COUNT_0 (COUNT_0)
     INV:I->O              1   0.206   0.579  Mcount_COUNT_xor<0>11_INV_0 (Result<0>)
     FDCE:D                    0.102          COUNT_0
    ----------------------------------------
    Total                      2.216ns (0.755ns logic, 1.461ns route)
                                       (34.1% logic, 65.9% route)

=========================================================================
Timing constraint: Default OFFSET IN BEFORE for Clock 'clk'
  Total number of paths / destination ports: 26 / 26
-------------------------------------------------------------------------
Offset:              2.901ns (Levels of Logic = 1)
  Source:            rst (PAD)
  Destination:       XLXI_3/cnt_0 (FF)
  Destination Clock: clk rising

  Data Path: rst to XLXI_3/cnt_0
                                Gate     Net
    Cell:in->out      fanout   Delay   Delay  Logical Name (Net Name)
    ----------------------------------------  ------------
     IBUF:I->O            29   1.222   1.249  rst_IBUF (rst_IBUF)
     FDR:R                     0.430          XLXI_3/cnt_0
    ----------------------------------------
    Total                      2.901ns (1.652ns logic, 1.249ns route)
                                       (57.0% logic, 43.0% route)

=========================================================================
Timing constraint: Default OFFSET IN BEFORE for Clock 'XLXI_3/cnt_25'
  Total number of paths / destination ports: 6 / 6
-------------------------------------------------------------------------
Offset:              2.901ns (Levels of Logic = 2)
  Source:            rst (PAD)
  Destination:       XLXI_2/COUNT_0 (FF)
  Destination Clock: XLXI_3/cnt_25 rising

  Data Path: rst to XLXI_2/COUNT_0
                                Gate     Net
    Cell:in->out      fanout   Delay   Delay  Logical Name (Net Name)
    ----------------------------------------  ------------
     IBUF:I->O            29   1.222   1.249  rst_IBUF (rst_IBUF)
     begin scope: 'XLXI_2:CLR'
     FDCE:CLR                  0.430          COUNT_0
    ----------------------------------------
    Total                      2.901ns (1.652ns logic, 1.249ns route)
                                       (57.0% logic, 43.0% route)

=========================================================================
Timing constraint: Default OFFSET OUT AFTER for Clock 'XLXI_3/cnt_25'
  Total number of paths / destination ports: 24 / 8
-------------------------------------------------------------------------
Offset:              4.913ns (Levels of Logic = 3)
  Source:            XLXI_2/COUNT_0 (FF)
  Destination:       c1 (PAD)
  Source Clock:      XLXI_3/cnt_25 rising

  Data Path: XLXI_2/COUNT_0 to c1
                                Gate     Net
    Cell:in->out      fanout   Delay   Delay  Logical Name (Net Name)
    ----------------------------------------  ------------
     FDCE:C->Q            11   0.447   1.111  COUNT_0 (COUNT_0)
     end scope: 'XLXI_2:Q0'
     LUT3:I0->O            1   0.205   0.579  XLXI_1/Mram_rdata12 (c1_OBUF)
     OBUF:I->O                 2.571          c1_OBUF (c1)
    ----------------------------------------
    Total                      4.913ns (3.223ns logic, 1.690ns route)
                                       (65.6% logic, 34.4% route)

=========================================================================

Cross Clock Domains Report:
--------------------------

Clock to Setup on destination clock XLXI_3/cnt_25
---------------+---------+---------+---------+---------+
               | Src:Rise| Src:Fall| Src:Rise| Src:Fall|
Source Clock   |Dest:Rise|Dest:Rise|Dest:Fall|Dest:Fall|
---------------+---------+---------+---------+---------+
XLXI_3/cnt_25  |    2.216|         |         |         |
---------------+---------+---------+---------+---------+

Clock to Setup on destination clock clk
---------------+---------+---------+---------+---------+
               | Src:Rise| Src:Fall| Src:Rise| Src:Fall|
Source Clock   |Dest:Rise|Dest:Rise|Dest:Fall|Dest:Fall|
---------------+---------+---------+---------+---------+
clk            |    2.142|         |         |         |
---------------+---------+---------+---------+---------+

=========================================================================


Total REAL time to Xst completion: 6.00 secs
Total CPU time to Xst completion: 6.00 secs
 
--> 

Total memory usage is 149800 kilobytes

Number of errors   :    0 (   0 filtered)
Number of warnings :    1 (   0 filtered)
Number of infos    :   10 (   0 filtered)

